[ 2026-09-11 22:50:43,413 ] 1025 httpx - INFO - HTTP Request: GET https://dagshub.com/api/v1/user "HTTP/1.1 200 OK"
[ 2026-09-11 22:50:43,421 ] 107 dagshub - INFO - Accessing as arunjallawar888
[ 2026-09-11 22:50:45,056 ] 1025 httpx - INFO - HTTP Request: GET https://dagshub.com/api/v1/repos/arunjallawar888/Network_security "HTTP/1.1 200 OK"
[ 2026-09-11 22:50:46,507 ] 1025 httpx - INFO - HTTP Request: GET https://dagshub.com/api/v1/user "HTTP/1.1 200 OK"
[ 2026-09-11 22:50:46,507 ] 107 dagshub - INFO - Initialized MLflow to track repo "arunjallawar888/Network_security"
[ 2026-09-11 22:50:46,508 ] 107 dagshub - INFO - Repository arunjallawar888/Network_security initialized!
[ 2026-09-11 22:50:46,508 ] 20 root - INFO - Initiate the data ingestion process
[ 2026-09-11 22:50:48,457 ] 65 root - INFO - Performed train test split on the dataframe
[ 2026-09-11 22:50:48,457 ] 67 root - INFO - Exited split_data_as_train_test method of Data_Ingestion class
[ 2026-09-11 22:50:48,457 ] 75 root - INFO - Exporting train and test file path.
[ 2026-09-11 22:50:48,478 ] 84 root - INFO - Exported train and test file path.
[ 2026-09-11 22:50:48,478 ] 22 root - INFO - Data Initiation Completed
[ 2026-09-11 22:50:48,481 ] 26 root - INFO - Initiate the data Validation
[ 2026-09-11 22:50:48,487 ] 32 root - INFO - Required number of columns:2
[ 2026-09-11 22:50:48,487 ] 33 root - INFO - Data frame has columns:31
[ 2026-09-11 22:50:48,487 ] 32 root - INFO - Required number of columns:2
[ 2026-09-11 22:50:48,487 ] 33 root - INFO - Data frame has columns:31
[ 2026-09-11 22:50:48,545 ] 28 root - INFO - data Validation Completed
[ 2026-09-11 22:50:48,545 ] 31 root - INFO - data Transformation started
[ 2026-09-11 22:50:48,545 ] 54 root - INFO - Entered initiate_data_transformation method of DataTransformation class
[ 2026-09-11 22:50:48,545 ] 56 root - INFO - Starting data transformation
[ 2026-09-11 22:50:48,552 ] 39 root - INFO - Entered get_data_trnasformer_object method of Trnasformation class
[ 2026-09-11 22:50:48,552 ] 44 root - INFO - Initialise KNNImputer with {'missing_values': nan, 'n_neighbors': 3, 'weights': 'uniform'}
[ 2026-09-11 22:50:48,556 ] 48 root - INFO - Entered the save_object method of MainUtils class
[ 2026-09-11 22:50:48,557 ] 52 root - INFO - Exited the save_object method of MainUtils class
[ 2026-09-11 22:50:48,557 ] 48 root - INFO - Entered the save_object method of MainUtils class
[ 2026-09-11 22:50:48,558 ] 52 root - INFO - Exited the save_object method of MainUtils class
[ 2026-09-11 22:50:48,558 ] 35 root - INFO - data Transformation completed
[ 2026-09-11 22:50:48,558 ] 37 root - INFO - Model Training sstared
