[ 2026-09-11 23:20:27,502 ] 1025 httpx - INFO - HTTP Request: GET https://dagshub.com/api/v1/user "HTTP/1.1 200 OK"
[ 2026-09-11 23:20:27,513 ] 107 dagshub - INFO - Accessing as arunjallawar888
[ 2026-09-11 23:20:29,742 ] 1025 httpx - INFO - HTTP Request: GET https://dagshub.com/api/v1/repos/arunjallawar888/Network_security "HTTP/1.1 200 OK"
[ 2026-09-11 23:20:31,608 ] 1025 httpx - INFO - HTTP Request: GET https://dagshub.com/api/v1/user "HTTP/1.1 200 OK"
[ 2026-09-11 23:20:31,611 ] 107 dagshub - INFO - Initialized MLflow to track repo "arunjallawar888/Network_security"
[ 2026-09-11 23:20:31,611 ] 107 dagshub - INFO - Repository arunjallawar888/Network_security initialized!
[ 2026-09-11 23:20:31,612 ] 20 root - INFO - Initiate the data ingestion process
[ 2026-09-11 23:20:43,414 ] 65 root - INFO - Performed train test split on the dataframe
[ 2026-09-11 23:20:43,414 ] 67 root - INFO - Exited split_data_as_train_test method of Data_Ingestion class
[ 2026-09-11 23:20:43,414 ] 75 root - INFO - Exporting train and test file path.
[ 2026-09-11 23:20:43,437 ] 84 root - INFO - Exported train and test file path.
[ 2026-09-11 23:20:43,437 ] 22 root - INFO - Data Initiation Completed
[ 2026-09-11 23:20:43,439 ] 26 root - INFO - Initiate the data Validation
[ 2026-09-11 23:20:43,448 ] 32 root - INFO - Required number of columns:2
[ 2026-09-11 23:20:43,449 ] 33 root - INFO - Data frame has columns:31
[ 2026-09-11 23:20:43,449 ] 32 root - INFO - Required number of columns:2
[ 2026-09-11 23:20:43,449 ] 33 root - INFO - Data frame has columns:31
[ 2026-09-11 23:20:43,515 ] 28 root - INFO - data Validation Completed
[ 2026-09-11 23:20:43,515 ] 31 root - INFO - data Transformation started
[ 2026-09-11 23:20:43,515 ] 54 root - INFO - Entered initiate_data_transformation method of DataTransformation class
[ 2026-09-11 23:20:43,515 ] 56 root - INFO - Starting data transformation
[ 2026-09-11 23:20:43,524 ] 39 root - INFO - Entered get_data_trnasformer_object method of Trnasformation class
[ 2026-09-11 23:20:43,524 ] 44 root - INFO - Initialise KNNImputer with {'missing_values': nan, 'n_neighbors': 3, 'weights': 'uniform'}
[ 2026-09-11 23:20:43,527 ] 48 root - INFO - Entered the save_object method of MainUtils class
[ 2026-09-11 23:20:43,528 ] 52 root - INFO - Exited the save_object method of MainUtils class
[ 2026-09-11 23:20:43,528 ] 48 root - INFO - Entered the save_object method of MainUtils class
[ 2026-09-11 23:20:43,529 ] 52 root - INFO - Exited the save_object method of MainUtils class
[ 2026-09-11 23:20:43,530 ] 35 root - INFO - data Transformation completed
[ 2026-09-11 23:20:43,530 ] 37 root - INFO - Model Training sstared
[ 2026-09-11 23:23:22,191 ] 48 root - INFO - Entered the save_object method of MainUtils class
[ 2026-09-11 23:23:22,192 ] 52 root - INFO - Exited the save_object method of MainUtils class
[ 2026-09-11 23:23:22,192 ] 48 root - INFO - Entered the save_object method of MainUtils class
[ 2026-09-11 23:23:22,199 ] 52 root - INFO - Exited the save_object method of MainUtils class
[ 2026-09-11 23:23:22,199 ] 147 root - INFO - Model trainer artifact: ModelTrainerArtifact(trained_model_file_path='Artifacts/09_11_2026_23_20_23/model_trainer/trained_model/model.pkl', train_metric_artifact=ClassificationMetricArtifact(f1_score=0.9913696822012387, precision_score=0.9888596313550739, recall_score=0.9938925081433225), test_metric_artifact=ClassificationMetricArtifact(f1_score=0.9784345047923323, precision_score=0.9729944400317713, recall_score=0.9839357429718876))
[ 2026-09-11 23:23:22,201 ] 42 root - INFO - Model Training artifact created
