[ 2026-09-11 23:03:20,665 ] 1025 httpx - INFO - HTTP Request: GET https://dagshub.com/api/v1/user "HTTP/1.1 200 OK"
[ 2026-09-11 23:03:20,676 ] 107 dagshub - INFO - Accessing as arunjallawar888
[ 2026-09-11 23:03:21,284 ] 1025 httpx - INFO - HTTP Request: GET https://dagshub.com/api/v1/repos/arunjallawar888/Network_security "HTTP/1.1 200 OK"
[ 2026-09-11 23:03:21,842 ] 1025 httpx - INFO - HTTP Request: GET https://dagshub.com/api/v1/user "HTTP/1.1 200 OK"
[ 2026-09-11 23:03:21,843 ] 107 dagshub - INFO - Initialized MLflow to track repo "arunjallawar888/Network_security"
[ 2026-09-11 23:03:21,843 ] 107 dagshub - INFO - Repository arunjallawar888/Network_security initialized!
[ 2026-09-11 23:03:21,843 ] 20 root - INFO - Initiate the data ingestion process
[ 2026-09-11 23:03:25,091 ] 65 root - INFO - Performed train test split on the dataframe
[ 2026-09-11 23:03:25,092 ] 67 root - INFO - Exited split_data_as_train_test method of Data_Ingestion class
[ 2026-09-11 23:03:25,092 ] 75 root - INFO - Exporting train and test file path.
[ 2026-09-11 23:03:25,117 ] 84 root - INFO - Exported train and test file path.
[ 2026-09-11 23:03:25,117 ] 22 root - INFO - Data Initiation Completed
[ 2026-09-11 23:03:25,120 ] 26 root - INFO - Initiate the data Validation
[ 2026-09-11 23:03:25,128 ] 32 root - INFO - Required number of columns:2
[ 2026-09-11 23:03:25,128 ] 33 root - INFO - Data frame has columns:31
[ 2026-09-11 23:03:25,128 ] 32 root - INFO - Required number of columns:2
[ 2026-09-11 23:03:25,128 ] 33 root - INFO - Data frame has columns:31
[ 2026-09-11 23:03:25,193 ] 28 root - INFO - data Validation Completed
[ 2026-09-11 23:03:25,193 ] 31 root - INFO - data Transformation started
[ 2026-09-11 23:03:25,193 ] 54 root - INFO - Entered initiate_data_transformation method of DataTransformation class
[ 2026-09-11 23:03:25,193 ] 56 root - INFO - Starting data transformation
[ 2026-09-11 23:03:25,201 ] 39 root - INFO - Entered get_data_trnasformer_object method of Trnasformation class
[ 2026-09-11 23:03:25,201 ] 44 root - INFO - Initialise KNNImputer with {'missing_values': nan, 'n_neighbors': 3, 'weights': 'uniform'}
[ 2026-09-11 23:03:25,205 ] 48 root - INFO - Entered the save_object method of MainUtils class
[ 2026-09-11 23:03:25,205 ] 52 root - INFO - Exited the save_object method of MainUtils class
[ 2026-09-11 23:03:25,205 ] 48 root - INFO - Entered the save_object method of MainUtils class
[ 2026-09-11 23:03:25,206 ] 52 root - INFO - Exited the save_object method of MainUtils class
[ 2026-09-11 23:03:25,207 ] 35 root - INFO - data Transformation completed
[ 2026-09-11 23:03:25,207 ] 37 root - INFO - Model Training sstared
[ 2026-09-11 23:06:27,068 ] 48 root - INFO - Entered the save_object method of MainUtils class
[ 2026-09-11 23:06:27,068 ] 52 root - INFO - Exited the save_object method of MainUtils class
[ 2026-09-11 23:06:27,068 ] 48 root - INFO - Entered the save_object method of MainUtils class
[ 2026-09-11 23:06:27,074 ] 52 root - INFO - Exited the save_object method of MainUtils class
[ 2026-09-11 23:06:27,074 ] 147 root - INFO - Model trainer artifact: ModelTrainerArtifact(trained_model_file_path='Artifacts/09_11_2026_23_03_18/model_trainer/trained_model/model.pkl', train_metric_artifact=ClassificationMetricArtifact(f1_score=0.9910858995137763, precision_score=0.9896823791219906, recall_score=0.9924934063704606), test_metric_artifact=ClassificationMetricArtifact(f1_score=0.9769696969696969, precision_score=0.9695268644747393, recall_score=0.9845276872964169))
[ 2026-09-11 23:06:27,076 ] 42 root - INFO - Model Training artifact created
